// Jest Snapshot v1, https://goo.gl/fbAQLP

exports[`AddHoldings screen tests renders the component 1`] = `ShallowWrapper {}`;
