// Jest Snapshot v1, https://goo.gl/fbAQLP

exports[`CustomButton component tests renders the component 1`] = `ShallowWrapper {}`;
