// Jest Snapshot v1, https://goo.gl/fbAQLP

exports[`Card component tests renders the component 1`] = `ShallowWrapper {}`;
