// Jest Snapshot v1, https://goo.gl/fbAQLP

exports[`CustomText component tests renders the component 1`] = `ShallowWrapper {}`;
