// Jest Snapshot v1, https://goo.gl/fbAQLP

exports[`CustomRow component tests renders the component 1`] = `ShallowWrapper {}`;
