// Jest Snapshot v1, https://goo.gl/fbAQLP

exports[`ErrorMessage component tests renders the component 1`] = `ShallowWrapper {}`;
