// Jest Snapshot v1, https://goo.gl/fbAQLP

exports[`ListFor search tests renders the component 1`] = `ShallowWrapper {}`;
