// Jest Snapshot v1, https://goo.gl/fbAQLP

exports[`WrapperScrollView component tests renders the component 1`] = `ShallowWrapper {}`;
